Command line invocation:
    /Applications/Xcode.app/Contents/Developer/usr/bin/xcodebuild test -project PiTrainer/PiTrainer.xcodeproj -scheme PiTrainer -destination "platform=iOS Simulator,name=iPhone 17" "-only-testing:PiTrainerTests/ChallengeServiceTests/testGenerateDailyChallenge_Deterministic"

2026-01-24 15:14:26.530 xcodebuild[66974:1598180] [MT] IDERunDestination: Supported platforms for the buildables in the current scheme is empty.
ComputePackagePrebuildTargetDependencyGraph

Prepare packages

CreateBuildRequest

SendProjectDescription

CreateBuildOperation

ComputeTargetDependencyGraph
note: Building targets in dependency order
note: Target dependency graph (3 targets)
    Target 'PiTrainerUITests' in project 'PiTrainer'
        ➜ Explicit dependency on target 'PiTrainer' in project 'PiTrainer'
    Target 'PiTrainerTests' in project 'PiTrainer'
        ➜ Explicit dependency on target 'PiTrainer' in project 'PiTrainer'
    Target 'PiTrainer' in project 'PiTrainer' (no dependencies)

GatherProvisioningInputs

CreateBuildDescription

ExecuteExternalTool /Applications/Xcode.app/Contents/Developer/Toolchains/XcodeDefault.xctoolchain/usr/bin/clang -v -E -dM -isysroot /Applications/Xcode.app/Contents/Developer/Platforms/iPhoneSimulator.platform/Developer/SDKs/iPhoneSimulator26.2.sdk -x c -c /dev/null

ExecuteExternalTool /Applications/Xcode.app/Contents/Developer/Toolchains/XcodeDefault.xctoolchain/usr/bin/swiftc --version

ExecuteExternalTool /Applications/Xcode.app/Contents/Developer/usr/bin/actool --print-asset-tag-combinations --output-format xml1 /Users/alexandre/Dev/antigravity/pi-trainer/PiTrainer/PiTrainer/Assets.xcassets

ExecuteExternalTool /Applications/Xcode.app/Contents/Developer/usr/bin/actool --version --output-format xml1

ExecuteExternalTool /Applications/Xcode.app/Contents/Developer/usr/bin/xcstringstool compile --dry-run --output-directory /Users/alexandre/Library/Developer/Xcode/DerivedData/PiTrainer-ecifwwubwvnofgbcfujopwcftnfe/Build/Intermediates.noindex/PiTrainer.build/Debug-iphonesimulator/PiTrainer.build /Users/alexandre/Dev/antigravity/pi-trainer/PiTrainer/PiTrainer/Localizable.xcstrings

ExecuteExternalTool /Applications/Xcode.app/Contents/Developer/Toolchains/XcodeDefault.xctoolchain/usr/bin/ld -version_details

Build description signature: 055de43b488e2f090d1243140e621307
Build description path: /Users/alexandre/Library/Developer/Xcode/DerivedData/PiTrainer-ecifwwubwvnofgbcfujopwcftnfe/Build/Intermediates.noindex/XCBuildData/055de43b488e2f090d1243140e621307.xcbuilddata
ProcessProductPackaging "" /Users/alexandre/Library/Developer/Xcode/DerivedData/PiTrainer-ecifwwubwvnofgbcfujopwcftnfe/Build/Intermediates.noindex/PiTrainer.build/Debug-iphonesimulator/PiTrainer.build/PiTrainer.app-Simulated.xcent (in target 'PiTrainer' from project 'PiTrainer')
    cd /Users/alexandre/Dev/antigravity/pi-trainer/PiTrainer
    
    Entitlements:
    
    {
    "application-identifier" = "Q88TN8522M.com.alexsahut.PiTrainer";
}
    
    builtin-productPackagingUtility -entitlements -format xml -o /Users/alexandre/Library/Developer/Xcode/DerivedData/PiTrainer-ecifwwubwvnofgbcfujopwcftnfe/Build/Intermediates.noindex/PiTrainer.build/Debug-iphonesimulator/PiTrainer.build/PiTrainer.app-Simulated.xcent

ProcessProductPackagingDER /Users/alexandre/Library/Developer/Xcode/DerivedData/PiTrainer-ecifwwubwvnofgbcfujopwcftnfe/Build/Intermediates.noindex/PiTrainer.build/Debug-iphonesimulator/PiTrainer.build/PiTrainer.app-Simulated.xcent /Users/alexandre/Library/Developer/Xcode/DerivedData/PiTrainer-ecifwwubwvnofgbcfujopwcftnfe/Build/Intermediates.noindex/PiTrainer.build/Debug-iphonesimulator/PiTrainer.build/PiTrainer.app-Simulated.xcent.der (in target 'PiTrainer' from project 'PiTrainer')
    cd /Users/alexandre/Dev/antigravity/pi-trainer/PiTrainer
    /usr/bin/derq query -f xml -i /Users/alexandre/Library/Developer/Xcode/DerivedData/PiTrainer-ecifwwubwvnofgbcfujopwcftnfe/Build/Intermediates.noindex/PiTrainer.build/Debug-iphonesimulator/PiTrainer.build/PiTrainer.app-Simulated.xcent -o /Users/alexandre/Library/Developer/Xcode/DerivedData/PiTrainer-ecifwwubwvnofgbcfujopwcftnfe/Build/Intermediates.noindex/PiTrainer.build/Debug-iphonesimulator/PiTrainer.build/PiTrainer.app-Simulated.xcent.der --raw

ClangStatCache /Applications/Xcode.app/Contents/Developer/Toolchains/XcodeDefault.xctoolchain/usr/bin/clang-stat-cache /Applications/Xcode.app/Contents/Developer/Platforms/iPhoneSimulator.platform/Developer/SDKs/iPhoneSimulator26.2.sdk /Users/alexandre/Library/Developer/Xcode/DerivedData/SDKStatCaches.noindex/iphonesimulator26.2-23C53-7d00a8b37fbd7999ea79df8ebc024bf0.sdkstatcache
    cd /Users/alexandre/Dev/antigravity/pi-trainer/PiTrainer/PiTrainer.xcodeproj
    /Applications/Xcode.app/Contents/Developer/Toolchains/XcodeDefault.xctoolchain/usr/bin/clang-stat-cache /Applications/Xcode.app/Contents/Developer/Platforms/iPhoneSimulator.platform/Developer/SDKs/iPhoneSimulator26.2.sdk -o /Users/alexandre/Library/Developer/Xcode/DerivedData/SDKStatCaches.noindex/iphonesimulator26.2-23C53-7d00a8b37fbd7999ea79df8ebc024bf0.sdkstatcache

Ld /Users/alexandre/Library/Developer/Xcode/DerivedData/PiTrainer-ecifwwubwvnofgbcfujopwcftnfe/Build/Products/Debug-iphonesimulator/PiTrainer.app/PiTrainer.debug.dylib normal (in target 'PiTrainer' from project 'PiTrainer')
    cd /Users/alexandre/Dev/antigravity/pi-trainer/PiTrainer
    /Applications/Xcode.app/Contents/Developer/Toolchains/XcodeDefault.xctoolchain/usr/bin/clang -Xlinker -reproducible -target arm64-apple-ios18.0-simulator -dynamiclib -isysroot /Applications/Xcode.app/Contents/Developer/Platforms/iPhoneSimulator.platform/Developer/SDKs/iPhoneSimulator26.2.sdk -O0 -L/Users/alexandre/Library/Developer/Xcode/DerivedData/PiTrainer-ecifwwubwvnofgbcfujopwcftnfe/Build/Intermediates.noindex/EagerLinkingTBDs/Debug-iphonesimulator -L/Users/alexandre/Library/Developer/Xcode/DerivedData/PiTrainer-ecifwwubwvnofgbcfujopwcftnfe/Build/Products/Debug-iphonesimulator -F/Users/alexandre/Library/Developer/Xcode/DerivedData/PiTrainer-ecifwwubwvnofgbcfujopwcftnfe/Build/Intermediates.noindex/EagerLinkingTBDs/Debug-iphonesimulator -F/Users/alexandre/Library/Developer/Xcode/DerivedData/PiTrainer-ecifwwubwvnofgbcfujopwcftnfe/Build/Products/Debug-iphonesimulator -filelist /Users/alexandre/Library/Developer/Xcode/DerivedData/PiTrainer-ecifwwubwvnofgbcfujopwcftnfe/Build/Intermediates.noindex/PiTrainer.build/Debug-iphonesimulator/PiTrainer.build/Objects-normal/arm64/PiTrainer.LinkFileList -install_name @rpath/PiTrainer.debug.dylib -Xlinker -rpath -Xlinker /usr/lib/swift -Xlinker -rpath -Xlinker @executable_path/Frameworks -dead_strip -Xlinker -object_path_lto -Xlinker /Users/alexandre/Library/Developer/Xcode/DerivedData/PiTrainer-ecifwwubwvnofgbcfujopwcftnfe/Build/Intermediates.noindex/PiTrainer.build/Debug-iphonesimulator/PiTrainer.build/Objects-normal/arm64/PiTrainer_lto.o -rdynamic -Xlinker -no_deduplicate -Xlinker -objc_abi_version -Xlinker 2 -Xlinker -debug_variant -Xlinker -dependency_info -Xlinker /Users/alexandre/Library/Developer/Xcode/DerivedData/PiTrainer-ecifwwubwvnofgbcfujopwcftnfe/Build/Intermediates.noindex/PiTrainer.build/Debug-iphonesimulator/PiTrainer.build/Objects-normal/arm64/PiTrainer_dependency_info.dat -fobjc-link-runtime -fprofile-instr-generate -L/Applications/Xcode.app/Contents/Developer/Toolchains/XcodeDefault.xctoolchain/usr/lib/swift/iphonesimulator -L/usr/lib/swift -Xlinker -add_ast_path -Xlinker /Users/alexandre/Library/Developer/Xcode/DerivedData/PiTrainer-ecifwwubwvnofgbcfujopwcftnfe/Build/Intermediates.noindex/PiTrainer.build/Debug-iphonesimulator/PiTrainer.build/Objects-normal/arm64/PiTrainer.swiftmodule @/Users/alexandre/Library/Developer/Xcode/DerivedData/PiTrainer-ecifwwubwvnofgbcfujopwcftnfe/Build/Intermediates.noindex/PiTrainer.build/Debug-iphonesimulator/PiTrainer.build/Objects-normal/arm64/PiTrainer-linker-args.resp -Xlinker -alias -Xlinker _main -Xlinker ___debug_main_executable_dylib_entry_point -Xlinker -no_adhoc_codesign -o /Users/alexandre/Library/Developer/Xcode/DerivedData/PiTrainer-ecifwwubwvnofgbcfujopwcftnfe/Build/Products/Debug-iphonesimulator/PiTrainer.app/PiTrainer.debug.dylib

ProcessProductPackaging "" /Users/alexandre/Library/Developer/Xcode/DerivedData/PiTrainer-ecifwwubwvnofgbcfujopwcftnfe/Build/Intermediates.noindex/PiTrainer.build/Debug-iphonesimulator/PiTrainerUITests.build/PiTrainerUITests.xctest-Simulated.xcent (in target 'PiTrainerUITests' from project 'PiTrainer')
    cd /Users/alexandre/Dev/antigravity/pi-trainer/PiTrainer
    
    Entitlements:
    
    {
    "application-identifier" = "Q88TN8522M.com.alexsahut.PiTrainerUITests.xctrunner";
    "keychain-access-groups" =     (
        "Q88TN8522M.com.alexsahut.PiTrainerUITests.xctrunner"
    );
}
    
    builtin-productPackagingUtility -entitlements -format xml -o /Users/alexandre/Library/Developer/Xcode/DerivedData/PiTrainer-ecifwwubwvnofgbcfujopwcftnfe/Build/Intermediates.noindex/PiTrainer.build/Debug-iphonesimulator/PiTrainerUITests.build/PiTrainerUITests.xctest-Simulated.xcent

ProcessInfoPlistFile /Users/alexandre/Library/Developer/Xcode/DerivedData/PiTrainer-ecifwwubwvnofgbcfujopwcftnfe/Build/Products/Debug-iphonesimulator/PiTrainer.app/Info.plist /Users/alexandre/Library/Developer/Xcode/DerivedData/PiTrainer-ecifwwubwvnofgbcfujopwcftnfe/Build/Intermediates.noindex/PiTrainer.build/Debug-iphonesimulator/PiTrainer.build/empty-PiTrainer.plist (in target 'PiTrainer' from project 'PiTrainer')
    cd /Users/alexandre/Dev/antigravity/pi-trainer/PiTrainer
    builtin-infoPlistUtility /Users/alexandre/Library/Developer/Xcode/DerivedData/PiTrainer-ecifwwubwvnofgbcfujopwcftnfe/Build/Intermediates.noindex/PiTrainer.build/Debug-iphonesimulator/PiTrainer.build/empty-PiTrainer.plist -producttype com.apple.product-type.application -genpkginfo /Users/alexandre/Library/Developer/Xcode/DerivedData/PiTrainer-ecifwwubwvnofgbcfujopwcftnfe/Build/Products/Debug-iphonesimulator/PiTrainer.app/PkgInfo -expandbuildsettings -format binary -platform iphonesimulator -additionalcontentfile /Users/alexandre/Library/Developer/Xcode/DerivedData/PiTrainer-ecifwwubwvnofgbcfujopwcftnfe/Build/Intermediates.noindex/PiTrainer.build/Debug-iphonesimulator/PiTrainer.build/assetcatalog_generated_info.plist -o /Users/alexandre/Library/Developer/Xcode/DerivedData/PiTrainer-ecifwwubwvnofgbcfujopwcftnfe/Build/Products/Debug-iphonesimulator/PiTrainer.app/Info.plist

ProcessProductPackagingDER /Users/alexandre/Library/Developer/Xcode/DerivedData/PiTrainer-ecifwwubwvnofgbcfujopwcftnfe/Build/Intermediates.noindex/PiTrainer.build/Debug-iphonesimulator/PiTrainerUITests.build/PiTrainerUITests.xctest-Simulated.xcent /Users/alexandre/Library/Developer/Xcode/DerivedData/PiTrainer-ecifwwubwvnofgbcfujopwcftnfe/Build/Intermediates.noindex/PiTrainer.build/Debug-iphonesimulator/PiTrainerUITests.build/PiTrainerUITests.xctest-Simulated.xcent.der (in target 'PiTrainerUITests' from project 'PiTrainer')
    cd /Users/alexandre/Dev/antigravity/pi-trainer/PiTrainer
    /usr/bin/derq query -f xml -i /Users/alexandre/Library/Developer/Xcode/DerivedData/PiTrainer-ecifwwubwvnofgbcfujopwcftnfe/Build/Intermediates.noindex/PiTrainer.build/Debug-iphonesimulator/PiTrainerUITests.build/PiTrainerUITests.xctest-Simulated.xcent -o /Users/alexandre/Library/Developer/Xcode/DerivedData/PiTrainer-ecifwwubwvnofgbcfujopwcftnfe/Build/Intermediates.noindex/PiTrainer.build/Debug-iphonesimulator/PiTrainerUITests.build/PiTrainerUITests.xctest-Simulated.xcent.der --raw

ConstructStubExecutorLinkFileList /Users/alexandre/Library/Developer/Xcode/DerivedData/PiTrainer-ecifwwubwvnofgbcfujopwcftnfe/Build/Intermediates.noindex/PiTrainer.build/Debug-iphonesimulator/PiTrainer.build/PiTrainer-ExecutorLinkFileList-normal-arm64.txt (in target 'PiTrainer' from project 'PiTrainer')
    cd /Users/alexandre/Dev/antigravity/pi-trainer/PiTrainer
    construct-stub-executor-link-file-list /Users/alexandre/Library/Developer/Xcode/DerivedData/PiTrainer-ecifwwubwvnofgbcfujopwcftnfe/Build/Products/Debug-iphonesimulator/PiTrainer.app/PiTrainer.debug.dylib /Applications/Xcode.app/Contents/Developer/Platforms/iPhoneSimulator.platform/Developer/usr/lib/libPreviewsJITStubExecutor_no_swift_entry_point.a /Applications/Xcode.app/Contents/Developer/Platforms/iPhoneSimulator.platform/Developer/usr/lib/libPreviewsJITStubExecutor.a --output /Users/alexandre/Library/Developer/Xcode/DerivedData/PiTrainer-ecifwwubwvnofgbcfujopwcftnfe/Build/Intermediates.noindex/PiTrainer.build/Debug-iphonesimulator/PiTrainer.build/PiTrainer-ExecutorLinkFileList-normal-arm64.txt
note: Using stub executor library with Swift entry point. (in target 'PiTrainer' from project 'PiTrainer')

Ld /Users/alexandre/Library/Developer/Xcode/DerivedData/PiTrainer-ecifwwubwvnofgbcfujopwcftnfe/Build/Products/Debug-iphonesimulator/PiTrainer.app/PiTrainer normal (in target 'PiTrainer' from project 'PiTrainer')
    cd /Users/alexandre/Dev/antigravity/pi-trainer/PiTrainer
    /Applications/Xcode.app/Contents/Developer/Toolchains/XcodeDefault.xctoolchain/usr/bin/clang -Xlinker -reproducible -target arm64-apple-ios18.0-simulator -isysroot /Applications/Xcode.app/Contents/Developer/Platforms/iPhoneSimulator.platform/Developer/SDKs/iPhoneSimulator26.2.sdk -O0 -L/Users/alexandre/Library/Developer/Xcode/DerivedData/PiTrainer-ecifwwubwvnofgbcfujopwcftnfe/Build/Products/Debug-iphonesimulator -F/Users/alexandre/Library/Developer/Xcode/DerivedData/PiTrainer-ecifwwubwvnofgbcfujopwcftnfe/Build/Products/Debug-iphonesimulator -Xlinker -rpath -Xlinker @executable_path -Xlinker -rpath -Xlinker @executable_path/Frameworks -rdynamic -Xlinker -no_deduplicate -Xlinker -objc_abi_version -Xlinker 2 -Xlinker -debug_variant -e ___debug_blank_executor_main -Xlinker -sectcreate -Xlinker __TEXT -Xlinker __debug_dylib -Xlinker /Users/alexandre/Library/Developer/Xcode/DerivedData/PiTrainer-ecifwwubwvnofgbcfujopwcftnfe/Build/Intermediates.noindex/PiTrainer.build/Debug-iphonesimulator/PiTrainer.build/PiTrainer-DebugDylibPath-normal-arm64.txt -Xlinker -sectcreate -Xlinker __TEXT -Xlinker __debug_instlnm -Xlinker /Users/alexandre/Library/Developer/Xcode/DerivedData/PiTrainer-ecifwwubwvnofgbcfujopwcftnfe/Build/Intermediates.noindex/PiTrainer.build/Debug-iphonesimulator/PiTrainer.build/PiTrainer-DebugDylibInstallName-normal-arm64.txt -Xlinker -filelist -Xlinker /Users/alexandre/Library/Developer/Xcode/DerivedData/PiTrainer-ecifwwubwvnofgbcfujopwcftnfe/Build/Intermediates.noindex/PiTrainer.build/Debug-iphonesimulator/PiTrainer.build/PiTrainer-ExecutorLinkFileList-normal-arm64.txt -Xlinker -sectcreate -Xlinker __TEXT -Xlinker __entitlements -Xlinker /Users/alexandre/Library/Developer/Xcode/DerivedData/PiTrainer-ecifwwubwvnofgbcfujopwcftnfe/Build/Intermediates.noindex/PiTrainer.build/Debug-iphonesimulator/PiTrainer.build/PiTrainer.app-Simulated.xcent -Xlinker -sectcreate -Xlinker __TEXT -Xlinker __ents_der -Xlinker /Users/alexandre/Library/Developer/Xcode/DerivedData/PiTrainer-ecifwwubwvnofgbcfujopwcftnfe/Build/Intermediates.noindex/PiTrainer.build/Debug-iphonesimulator/PiTrainer.build/PiTrainer.app-Simulated.xcent.der /Users/alexandre/Library/Developer/Xcode/DerivedData/PiTrainer-ecifwwubwvnofgbcfujopwcftnfe/Build/Products/Debug-iphonesimulator/PiTrainer.app/PiTrainer.debug.dylib -Xlinker -no_adhoc_codesign -o /Users/alexandre/Library/Developer/Xcode/DerivedData/PiTrainer-ecifwwubwvnofgbcfujopwcftnfe/Build/Products/Debug-iphonesimulator/PiTrainer.app/PiTrainer

CopySwiftLibs /Users/alexandre/Library/Developer/Xcode/DerivedData/PiTrainer-ecifwwubwvnofgbcfujopwcftnfe/Build/Products/Debug-iphonesimulator/PiTrainer.app (in target 'PiTrainer' from project 'PiTrainer')
    cd /Users/alexandre/Dev/antigravity/pi-trainer/PiTrainer
    builtin-swiftStdLibTool --copy --verbose --sign - --scan-executable /Users/alexandre/Library/Developer/Xcode/DerivedData/PiTrainer-ecifwwubwvnofgbcfujopwcftnfe/Build/Products/Debug-iphonesimulator/PiTrainer.app/PiTrainer.debug.dylib --scan-folder /Users/alexandre/Library/Developer/Xcode/DerivedData/PiTrainer-ecifwwubwvnofgbcfujopwcftnfe/Build/Products/Debug-iphonesimulator/PiTrainer.app/Frameworks --scan-folder /Users/alexandre/Library/Developer/Xcode/DerivedData/PiTrainer-ecifwwubwvnofgbcfujopwcftnfe/Build/Products/Debug-iphonesimulator/PiTrainer.app/PlugIns --scan-folder /Users/alexandre/Library/Developer/Xcode/DerivedData/PiTrainer-ecifwwubwvnofgbcfujopwcftnfe/Build/Products/Debug-iphonesimulator/PiTrainer.app/SystemExtensions --scan-folder /Users/alexandre/Library/Developer/Xcode/DerivedData/PiTrainer-ecifwwubwvnofgbcfujopwcftnfe/Build/Products/Debug-iphonesimulator/PiTrainer.app/Extensions --platform iphonesimulator --toolchain /Applications/Xcode.app/Contents/Developer/Toolchains/XcodeDefault.xctoolchain --destination /Users/alexandre/Library/Developer/Xcode/DerivedData/PiTrainer-ecifwwubwvnofgbcfujopwcftnfe/Build/Products/Debug-iphonesimulator/PiTrainer.app/Frameworks --strip-bitcode --strip-bitcode-tool /Applications/Xcode.app/Contents/Developer/Toolchains/XcodeDefault.xctoolchain/usr/bin/bitcode_strip --emit-dependency-info /Users/alexandre/Library/Developer/Xcode/DerivedData/PiTrainer-ecifwwubwvnofgbcfujopwcftnfe/Build/Intermediates.noindex/PiTrainer.build/Debug-iphonesimulator/PiTrainer.build/SwiftStdLibToolInputDependencies.dep --filter-for-swift-os

ExtractAppIntentsMetadata (in target 'PiTrainer' from project 'PiTrainer')
    cd /Users/alexandre/Dev/antigravity/pi-trainer/PiTrainer
    /Applications/Xcode.app/Contents/Developer/Toolchains/XcodeDefault.xctoolchain/usr/bin/appintentsmetadataprocessor --toolchain-dir /Applications/Xcode.app/Contents/Developer/Toolchains/XcodeDefault.xctoolchain --module-name PiTrainer --sdk-root /Applications/Xcode.app/Contents/Developer/Platforms/iPhoneSimulator.platform/Developer/SDKs/iPhoneSimulator26.2.sdk --xcode-version 17C52 --platform-family iOS --deployment-target 18.0 --bundle-identifier com.alexsahut.PiTrainer --output /Users/alexandre/Library/Developer/Xcode/DerivedData/PiTrainer-ecifwwubwvnofgbcfujopwcftnfe/Build/Products/Debug-iphonesimulator/PiTrainer.app --target-triple arm64-apple-ios18.0-simulator --binary-file /Users/alexandre/Library/Developer/Xcode/DerivedData/PiTrainer-ecifwwubwvnofgbcfujopwcftnfe/Build/Products/Debug-iphonesimulator/PiTrainer.app/PiTrainer --dependency-file /Users/alexandre/Library/Developer/Xcode/DerivedData/PiTrainer-ecifwwubwvnofgbcfujopwcftnfe/Build/Intermediates.noindex/PiTrainer.build/Debug-iphonesimulator/PiTrainer.build/Objects-normal/arm64/PiTrainer_dependency_info.dat --stringsdata-file /Users/alexandre/Library/Developer/Xcode/DerivedData/PiTrainer-ecifwwubwvnofgbcfujopwcftnfe/Build/Intermediates.noindex/PiTrainer.build/Debug-iphonesimulator/PiTrainer.build/Objects-normal/arm64/ExtractedAppShortcutsMetadata.stringsdata --source-file-list /Users/alexandre/Library/Developer/Xcode/DerivedData/PiTrainer-ecifwwubwvnofgbcfujopwcftnfe/Build/Intermediates.noindex/PiTrainer.build/Debug-iphonesimulator/PiTrainer.build/Objects-normal/arm64/PiTrainer.SwiftFileList --metadata-file-list /Users/alexandre/Library/Developer/Xcode/DerivedData/PiTrainer-ecifwwubwvnofgbcfujopwcftnfe/Build/Intermediates.noindex/PiTrainer.build/Debug-iphonesimulator/PiTrainer.build/PiTrainer.DependencyMetadataFileList --static-metadata-file-list /Users/alexandre/Library/Developer/Xcode/DerivedData/PiTrainer-ecifwwubwvnofgbcfujopwcftnfe/Build/Intermediates.noindex/PiTrainer.build/Debug-iphonesimulator/PiTrainer.build/PiTrainer.DependencyStaticMetadataFileList --swift-const-vals-list /Users/alexandre/Library/Developer/Xcode/DerivedData/PiTrainer-ecifwwubwvnofgbcfujopwcftnfe/Build/Intermediates.noindex/PiTrainer.build/Debug-iphonesimulator/PiTrainer.build/Objects-normal/arm64/PiTrainer.SwiftConstValuesFileList --compile-time-extraction --deployment-aware-processing --validate-assistant-intents --no-app-shortcuts-localization
2026-01-24 15:14:29.326 appintentsmetadataprocessor[67021:1598605] Starting appintentsmetadataprocessor export
2026-01-24 15:14:29.328 appintentsmetadataprocessor[67021:1598605] warning: Metadata extraction skipped. No AppIntents.framework dependency found.

Ld /Users/alexandre/Library/Developer/Xcode/DerivedData/PiTrainer-ecifwwubwvnofgbcfujopwcftnfe/Build/Products/Debug-iphonesimulator/PiTrainer.app/PlugIns/PiTrainerTests.xctest/PiTrainerTests normal (in target 'PiTrainerTests' from project 'PiTrainer')
    cd /Users/alexandre/Dev/antigravity/pi-trainer/PiTrainer
    /Applications/Xcode.app/Contents/Developer/Toolchains/XcodeDefault.xctoolchain/usr/bin/clang -Xlinker -reproducible -target arm64-apple-ios18.0-simulator -bundle -isysroot /Applications/Xcode.app/Contents/Developer/Platforms/iPhoneSimulator.platform/Developer/SDKs/iPhoneSimulator26.2.sdk -O0 -L/Users/alexandre/Library/Developer/Xcode/DerivedData/PiTrainer-ecifwwubwvnofgbcfujopwcftnfe/Build/Intermediates.noindex/EagerLinkingTBDs/Debug-iphonesimulator -L/Users/alexandre/Library/Developer/Xcode/DerivedData/PiTrainer-ecifwwubwvnofgbcfujopwcftnfe/Build/Products/Debug-iphonesimulator -L/Applications/Xcode.app/Contents/Developer/Platforms/iPhoneSimulator.platform/Developer/usr/lib -F/Users/alexandre/Library/Developer/Xcode/DerivedData/PiTrainer-ecifwwubwvnofgbcfujopwcftnfe/Build/Intermediates.noindex/EagerLinkingTBDs/Debug-iphonesimulator -F/Users/alexandre/Library/Developer/Xcode/DerivedData/PiTrainer-ecifwwubwvnofgbcfujopwcftnfe/Build/Products/Debug-iphonesimulator -iframework /Applications/Xcode.app/Contents/Developer/Platforms/iPhoneSimulator.platform/Developer/Library/Frameworks -iframework /Applications/Xcode.app/Contents/Developer/Platforms/iPhoneSimulator.platform/Developer/SDKs/iPhoneSimulator26.2.sdk/Developer/Library/Frameworks -filelist /Users/alexandre/Library/Developer/Xcode/DerivedData/PiTrainer-ecifwwubwvnofgbcfujopwcftnfe/Build/Intermediates.noindex/PiTrainer.build/Debug-iphonesimulator/PiTrainerTests.build/Objects-normal/arm64/PiTrainerTests.LinkFileList -Xlinker -rpath -Xlinker /usr/lib/swift -Xlinker -rpath -Xlinker @loader_path/Frameworks -Xlinker -rpath -Xlinker @executable_path/Frameworks -dead_strip -bundle_loader /Users/alexandre/Library/Developer/Xcode/DerivedData/PiTrainer-ecifwwubwvnofgbcfujopwcftnfe/Build/Products/Debug-iphonesimulator/PiTrainer.app/PiTrainer -Xlinker -object_path_lto -Xlinker /Users/alexandre/Library/Developer/Xcode/DerivedData/PiTrainer-ecifwwubwvnofgbcfujopwcftnfe/Build/Intermediates.noindex/PiTrainer.build/Debug-iphonesimulator/PiTrainerTests.build/Objects-normal/arm64/PiTrainerTests_lto.o -rdynamic -Xlinker -no_deduplicate -Xlinker -objc_abi_version -Xlinker 2 -Xlinker -debug_variant -Xlinker -dependency_info -Xlinker /Users/alexandre/Library/Developer/Xcode/DerivedData/PiTrainer-ecifwwubwvnofgbcfujopwcftnfe/Build/Intermediates.noindex/PiTrainer.build/Debug-iphonesimulator/PiTrainerTests.build/Objects-normal/arm64/PiTrainerTests_dependency_info.dat -fobjc-link-runtime -fprofile-instr-generate -L/Applications/Xcode.app/Contents/Developer/Toolchains/XcodeDefault.xctoolchain/usr/lib/swift/iphonesimulator -L/usr/lib/swift -Xlinker -add_ast_path -Xlinker /Users/alexandre/Library/Developer/Xcode/DerivedData/PiTrainer-ecifwwubwvnofgbcfujopwcftnfe/Build/Intermediates.noindex/PiTrainer.build/Debug-iphonesimulator/PiTrainerTests.build/Objects-normal/arm64/PiTrainerTests.swiftmodule @/Users/alexandre/Library/Developer/Xcode/DerivedData/PiTrainer-ecifwwubwvnofgbcfujopwcftnfe/Build/Intermediates.noindex/PiTrainer.build/Debug-iphonesimulator/PiTrainerTests.build/Objects-normal/arm64/PiTrainerTests-linker-args.resp -Xlinker -needed_framework -Xlinker XCTest -framework XCTest -Xlinker -needed-lXCTestSwiftSupport -lXCTestSwiftSupport /Users/alexandre/Library/Developer/Xcode/DerivedData/PiTrainer-ecifwwubwvnofgbcfujopwcftnfe/Build/Products/Debug-iphonesimulator/PiTrainer.app/PiTrainer.debug.dylib -Xlinker -no_adhoc_codesign -o /Users/alexandre/Library/Developer/Xcode/DerivedData/PiTrainer-ecifwwubwvnofgbcfujopwcftnfe/Build/Products/Debug-iphonesimulator/PiTrainer.app/PlugIns/PiTrainerTests.xctest/PiTrainerTests

ProcessInfoPlistFile /Users/alexandre/Library/Developer/Xcode/DerivedData/PiTrainer-ecifwwubwvnofgbcfujopwcftnfe/Build/Products/Debug-iphonesimulator/PiTrainer.app/PlugIns/PiTrainerTests.xctest/Info.plist /Users/alexandre/Library/Developer/Xcode/DerivedData/PiTrainer-ecifwwubwvnofgbcfujopwcftnfe/Build/Intermediates.noindex/PiTrainer.build/Debug-iphonesimulator/PiTrainerTests.build/empty-PiTrainerTests.plist (in target 'PiTrainerTests' from project 'PiTrainer')
    cd /Users/alexandre/Dev/antigravity/pi-trainer/PiTrainer
    builtin-infoPlistUtility /Users/alexandre/Library/Developer/Xcode/DerivedData/PiTrainer-ecifwwubwvnofgbcfujopwcftnfe/Build/Intermediates.noindex/PiTrainer.build/Debug-iphonesimulator/PiTrainerTests.build/empty-PiTrainerTests.plist -producttype com.apple.product-type.bundle.unit-test -expandbuildsettings -format binary -platform iphonesimulator -o /Users/alexandre/Library/Developer/Xcode/DerivedData/PiTrainer-ecifwwubwvnofgbcfujopwcftnfe/Build/Products/Debug-iphonesimulator/PiTrainer.app/PlugIns/PiTrainerTests.xctest/Info.plist

ExtractAppIntentsMetadata (in target 'PiTrainerTests' from project 'PiTrainer')
    cd /Users/alexandre/Dev/antigravity/pi-trainer/PiTrainer
    /Applications/Xcode.app/Contents/Developer/Toolchains/XcodeDefault.xctoolchain/usr/bin/appintentsmetadataprocessor --toolchain-dir /Applications/Xcode.app/Contents/Developer/Toolchains/XcodeDefault.xctoolchain --module-name PiTrainerTests --sdk-root /Applications/Xcode.app/Contents/Developer/Platforms/iPhoneSimulator.platform/Developer/SDKs/iPhoneSimulator26.2.sdk --xcode-version 17C52 --platform-family iOS --deployment-target 18.0 --bundle-identifier com.alexsahut.PiTrainerTests --output /Users/alexandre/Library/Developer/Xcode/DerivedData/PiTrainer-ecifwwubwvnofgbcfujopwcftnfe/Build/Products/Debug-iphonesimulator/PiTrainer.app/PlugIns/PiTrainerTests.xctest --target-triple arm64-apple-ios18.0-simulator --binary-file /Users/alexandre/Library/Developer/Xcode/DerivedData/PiTrainer-ecifwwubwvnofgbcfujopwcftnfe/Build/Products/Debug-iphonesimulator/PiTrainer.app/PlugIns/PiTrainerTests.xctest/PiTrainerTests --dependency-file /Users/alexandre/Library/Developer/Xcode/DerivedData/PiTrainer-ecifwwubwvnofgbcfujopwcftnfe/Build/Intermediates.noindex/PiTrainer.build/Debug-iphonesimulator/PiTrainerTests.build/Objects-normal/arm64/PiTrainerTests_dependency_info.dat --stringsdata-file /Users/alexandre/Library/Developer/Xcode/DerivedData/PiTrainer-ecifwwubwvnofgbcfujopwcftnfe/Build/Intermediates.noindex/PiTrainer.build/Debug-iphonesimulator/PiTrainerTests.build/Objects-normal/arm64/ExtractedAppShortcutsMetadata.stringsdata --source-file-list /Users/alexandre/Library/Developer/Xcode/DerivedData/PiTrainer-ecifwwubwvnofgbcfujopwcftnfe/Build/Intermediates.noindex/PiTrainer.build/Debug-iphonesimulator/PiTrainerTests.build/Objects-normal/arm64/PiTrainerTests.SwiftFileList --metadata-file-list /Users/alexandre/Library/Developer/Xcode/DerivedData/PiTrainer-ecifwwubwvnofgbcfujopwcftnfe/Build/Intermediates.noindex/PiTrainer.build/Debug-iphonesimulator/PiTrainerTests.build/PiTrainerTests.DependencyMetadataFileList --static-metadata-file-list /Users/alexandre/Library/Developer/Xcode/DerivedData/PiTrainer-ecifwwubwvnofgbcfujopwcftnfe/Build/Intermediates.noindex/PiTrainer.build/Debug-iphonesimulator/PiTrainerTests.build/PiTrainerTests.DependencyStaticMetadataFileList --swift-const-vals-list /Users/alexandre/Library/Developer/Xcode/DerivedData/PiTrainer-ecifwwubwvnofgbcfujopwcftnfe/Build/Intermediates.noindex/PiTrainer.build/Debug-iphonesimulator/PiTrainerTests.build/Objects-normal/arm64/PiTrainerTests.SwiftConstValuesFileList --compile-time-extraction --deployment-aware-processing --validate-assistant-intents --no-app-shortcuts-localization
2026-01-24 15:14:29.865 appintentsmetadataprocessor[67024:1598643] Starting appintentsmetadataprocessor export
2026-01-24 15:14:29.867 appintentsmetadataprocessor[67024:1598643] warning: Metadata extraction skipped. No AppIntents.framework dependency found.

CopySwiftLibs /Users/alexandre/Library/Developer/Xcode/DerivedData/PiTrainer-ecifwwubwvnofgbcfujopwcftnfe/Build/Products/Debug-iphonesimulator/PiTrainer.app/PlugIns/PiTrainerTests.xctest (in target 'PiTrainerTests' from project 'PiTrainer')
    cd /Users/alexandre/Dev/antigravity/pi-trainer/PiTrainer
    builtin-swiftStdLibTool --copy --verbose --sign - --scan-executable /Users/alexandre/Library/Developer/Xcode/DerivedData/PiTrainer-ecifwwubwvnofgbcfujopwcftnfe/Build/Products/Debug-iphonesimulator/PiTrainer.app/PlugIns/PiTrainerTests.xctest/PiTrainerTests --scan-folder /Users/alexandre/Library/Developer/Xcode/DerivedData/PiTrainer-ecifwwubwvnofgbcfujopwcftnfe/Build/Products/Debug-iphonesimulator/PiTrainer.app/PlugIns/PiTrainerTests.xctest/Frameworks --scan-folder /Users/alexandre/Library/Developer/Xcode/DerivedData/PiTrainer-ecifwwubwvnofgbcfujopwcftnfe/Build/Products/Debug-iphonesimulator/PiTrainer.app/PlugIns/PiTrainerTests.xctest/PlugIns --scan-folder /Users/alexandre/Library/Developer/Xcode/DerivedData/PiTrainer-ecifwwubwvnofgbcfujopwcftnfe/Build/Products/Debug-iphonesimulator/PiTrainer.app/PlugIns/PiTrainerTests.xctest/SystemExtensions --scan-folder /Users/alexandre/Library/Developer/Xcode/DerivedData/PiTrainer-ecifwwubwvnofgbcfujopwcftnfe/Build/Products/Debug-iphonesimulator/PiTrainer.app/PlugIns/PiTrainerTests.xctest/Extensions --platform iphonesimulator --toolchain /Applications/Xcode.app/Contents/Developer/Toolchains/XcodeDefault.xctoolchain --destination /Users/alexandre/Library/Developer/Xcode/DerivedData/PiTrainer-ecifwwubwvnofgbcfujopwcftnfe/Build/Products/Debug-iphonesimulator/PiTrainer.app/PlugIns/PiTrainerTests.xctest/Frameworks --strip-bitcode --scan-executable /Applications/Xcode.app/Contents/Developer/Platforms/iPhoneSimulator.platform/Developer/usr/lib/libXCTestSwiftSupport.dylib --strip-bitcode-tool /Applications/Xcode.app/Contents/Developer/Toolchains/XcodeDefault.xctoolchain/usr/bin/bitcode_strip --emit-dependency-info /Users/alexandre/Library/Developer/Xcode/DerivedData/PiTrainer-ecifwwubwvnofgbcfujopwcftnfe/Build/Intermediates.noindex/PiTrainer.build/Debug-iphonesimulator/PiTrainerTests.build/SwiftStdLibToolInputDependencies.dep --filter-for-swift-os

CodeSign /Users/alexandre/Library/Developer/Xcode/DerivedData/PiTrainer-ecifwwubwvnofgbcfujopwcftnfe/Build/Products/Debug-iphonesimulator/PiTrainer.app/PlugIns/PiTrainerTests.xctest (in target 'PiTrainerTests' from project 'PiTrainer')
    cd /Users/alexandre/Dev/antigravity/pi-trainer/PiTrainer
    
    Signing Identity:     "Sign to Run Locally"
    
    /usr/bin/codesign --force --sign - --timestamp\=none --generate-entitlement-der /Users/alexandre/Library/Developer/Xcode/DerivedData/PiTrainer-ecifwwubwvnofgbcfujopwcftnfe/Build/Products/Debug-iphonesimulator/PiTrainer.app/PlugIns/PiTrainerTests.xctest

CodeSign /Users/alexandre/Library/Developer/Xcode/DerivedData/PiTrainer-ecifwwubwvnofgbcfujopwcftnfe/Build/Products/Debug-iphonesimulator/PiTrainer.app/PiTrainer.debug.dylib (in target 'PiTrainer' from project 'PiTrainer')
    cd /Users/alexandre/Dev/antigravity/pi-trainer/PiTrainer
    
    Signing Identity:     "Sign to Run Locally"
    
    /usr/bin/codesign --force --sign - --timestamp\=none --generate-entitlement-der /Users/alexandre/Library/Developer/Xcode/DerivedData/PiTrainer-ecifwwubwvnofgbcfujopwcftnfe/Build/Products/Debug-iphonesimulator/PiTrainer.app/PiTrainer.debug.dylib

CodeSign /Users/alexandre/Library/Developer/Xcode/DerivedData/PiTrainer-ecifwwubwvnofgbcfujopwcftnfe/Build/Products/Debug-iphonesimulator/PiTrainer.app/__preview.dylib (in target 'PiTrainer' from project 'PiTrainer')
    cd /Users/alexandre/Dev/antigravity/pi-trainer/PiTrainer
    
    Signing Identity:     "Sign to Run Locally"
    
    /usr/bin/codesign --force --sign - --timestamp\=none --generate-entitlement-der /Users/alexandre/Library/Developer/Xcode/DerivedData/PiTrainer-ecifwwubwvnofgbcfujopwcftnfe/Build/Products/Debug-iphonesimulator/PiTrainer.app/__preview.dylib
/Users/alexandre/Library/Developer/Xcode/DerivedData/PiTrainer-ecifwwubwvnofgbcfujopwcftnfe/Build/Products/Debug-iphonesimulator/PiTrainer.app/__preview.dylib: replacing existing signature

CodeSign /Users/alexandre/Library/Developer/Xcode/DerivedData/PiTrainer-ecifwwubwvnofgbcfujopwcftnfe/Build/Products/Debug-iphonesimulator/PiTrainer.app (in target 'PiTrainer' from project 'PiTrainer')
    cd /Users/alexandre/Dev/antigravity/pi-trainer/PiTrainer
    
    Signing Identity:     "Sign to Run Locally"
    
    /usr/bin/codesign --force --sign - --timestamp\=none --generate-entitlement-der /Users/alexandre/Library/Developer/Xcode/DerivedData/PiTrainer-ecifwwubwvnofgbcfujopwcftnfe/Build/Products/Debug-iphonesimulator/PiTrainer.app

Validate /Users/alexandre/Library/Developer/Xcode/DerivedData/PiTrainer-ecifwwubwvnofgbcfujopwcftnfe/Build/Products/Debug-iphonesimulator/PiTrainer.app (in target 'PiTrainer' from project 'PiTrainer')
    cd /Users/alexandre/Dev/antigravity/pi-trainer/PiTrainer
    builtin-validationUtility /Users/alexandre/Library/Developer/Xcode/DerivedData/PiTrainer-ecifwwubwvnofgbcfujopwcftnfe/Build/Products/Debug-iphonesimulator/PiTrainer.app -shallow-bundle -infoplist-subpath Info.plist

Ld /Users/alexandre/Library/Developer/Xcode/DerivedData/PiTrainer-ecifwwubwvnofgbcfujopwcftnfe/Build/Products/Debug-iphonesimulator/PiTrainerUITests-Runner.app/PlugIns/PiTrainerUITests.xctest/PiTrainerUITests normal (in target 'PiTrainerUITests' from project 'PiTrainer')
    cd /Users/alexandre/Dev/antigravity/pi-trainer/PiTrainer
    /Applications/Xcode.app/Contents/Developer/Toolchains/XcodeDefault.xctoolchain/usr/bin/clang -Xlinker -reproducible -target arm64-apple-ios18.0-simulator -bundle -isysroot /Applications/Xcode.app/Contents/Developer/Platforms/iPhoneSimulator.platform/Developer/SDKs/iPhoneSimulator26.2.sdk -O0 -L/Users/alexandre/Library/Developer/Xcode/DerivedData/PiTrainer-ecifwwubwvnofgbcfujopwcftnfe/Build/Intermediates.noindex/EagerLinkingTBDs/Debug-iphonesimulator -L/Users/alexandre/Library/Developer/Xcode/DerivedData/PiTrainer-ecifwwubwvnofgbcfujopwcftnfe/Build/Products/Debug-iphonesimulator -L/Applications/Xcode.app/Contents/Developer/Platforms/iPhoneSimulator.platform/Developer/usr/lib -F/Users/alexandre/Library/Developer/Xcode/DerivedData/PiTrainer-ecifwwubwvnofgbcfujopwcftnfe/Build/Intermediates.noindex/EagerLinkingTBDs/Debug-iphonesimulator -F/Users/alexandre/Library/Developer/Xcode/DerivedData/PiTrainer-ecifwwubwvnofgbcfujopwcftnfe/Build/Products/Debug-iphonesimulator -iframework /Applications/Xcode.app/Contents/Developer/Platforms/iPhoneSimulator.platform/Developer/Library/Frameworks -iframework /Applications/Xcode.app/Contents/Developer/Platforms/iPhoneSimulator.platform/Developer/SDKs/iPhoneSimulator26.2.sdk/Developer/Library/Frameworks -filelist /Users/alexandre/Library/Developer/Xcode/DerivedData/PiTrainer-ecifwwubwvnofgbcfujopwcftnfe/Build/Intermediates.noindex/PiTrainer.build/Debug-iphonesimulator/PiTrainerUITests.build/Objects-normal/arm64/PiTrainerUITests.LinkFileList -Xlinker -rpath -Xlinker /usr/lib/swift -Xlinker -rpath -Xlinker @loader_path/Frameworks -dead_strip -Xlinker -object_path_lto -Xlinker /Users/alexandre/Library/Developer/Xcode/DerivedData/PiTrainer-ecifwwubwvnofgbcfujopwcftnfe/Build/Intermediates.noindex/PiTrainer.build/Debug-iphonesimulator/PiTrainerUITests.build/Objects-normal/arm64/PiTrainerUITests_lto.o -rdynamic -Xlinker -no_deduplicate -Xlinker -objc_abi_version -Xlinker 2 -Xlinker -debug_variant -Xlinker -dependency_info -Xlinker /Users/alexandre/Library/Developer/Xcode/DerivedData/PiTrainer-ecifwwubwvnofgbcfujopwcftnfe/Build/Intermediates.noindex/PiTrainer.build/Debug-iphonesimulator/PiTrainerUITests.build/Objects-normal/arm64/PiTrainerUITests_dependency_info.dat -fobjc-link-runtime -fprofile-instr-generate -L/Applications/Xcode.app/Contents/Developer/Toolchains/XcodeDefault.xctoolchain/usr/lib/swift/iphonesimulator -L/usr/lib/swift -Xlinker -add_ast_path -Xlinker /Users/alexandre/Library/Developer/Xcode/DerivedData/PiTrainer-ecifwwubwvnofgbcfujopwcftnfe/Build/Intermediates.noindex/PiTrainer.build/Debug-iphonesimulator/PiTrainerUITests.build/Objects-normal/arm64/PiTrainerUITests.swiftmodule @/Users/alexandre/Library/Developer/Xcode/DerivedData/PiTrainer-ecifwwubwvnofgbcfujopwcftnfe/Build/Intermediates.noindex/PiTrainer.build/Debug-iphonesimulator/PiTrainerUITests.build/Objects-normal/arm64/PiTrainerUITests-linker-args.resp -Xlinker -needed_framework -Xlinker XCTest -framework XCTest -Xlinker -needed-lXCTestSwiftSupport -lXCTestSwiftSupport -Xlinker -sectcreate -Xlinker __TEXT -Xlinker __entitlements -Xlinker /Users/alexandre/Library/Developer/Xcode/DerivedData/PiTrainer-ecifwwubwvnofgbcfujopwcftnfe/Build/Intermediates.noindex/PiTrainer.build/Debug-iphonesimulator/PiTrainerUITests.build/PiTrainerUITests.xctest-Simulated.xcent -Xlinker -sectcreate -Xlinker __TEXT -Xlinker __ents_der -Xlinker /Users/alexandre/Library/Developer/Xcode/DerivedData/PiTrainer-ecifwwubwvnofgbcfujopwcftnfe/Build/Intermediates.noindex/PiTrainer.build/Debug-iphonesimulator/PiTrainerUITests.build/PiTrainerUITests.xctest-Simulated.xcent.der -Xlinker -no_adhoc_codesign -o /Users/alexandre/Library/Developer/Xcode/DerivedData/PiTrainer-ecifwwubwvnofgbcfujopwcftnfe/Build/Products/Debug-iphonesimulator/PiTrainerUITests-Runner.app/PlugIns/PiTrainerUITests.xctest/PiTrainerUITests

ProcessInfoPlistFile /Users/alexandre/Library/Developer/Xcode/DerivedData/PiTrainer-ecifwwubwvnofgbcfujopwcftnfe/Build/Products/Debug-iphonesimulator/PiTrainerUITests-Runner.app/PlugIns/PiTrainerUITests.xctest/Info.plist /Users/alexandre/Library/Developer/Xcode/DerivedData/PiTrainer-ecifwwubwvnofgbcfujopwcftnfe/Build/Intermediates.noindex/PiTrainer.build/Debug-iphonesimulator/PiTrainerUITests.build/empty-PiTrainerUITests.plist (in target 'PiTrainerUITests' from project 'PiTrainer')
    cd /Users/alexandre/Dev/antigravity/pi-trainer/PiTrainer
    builtin-infoPlistUtility /Users/alexandre/Library/Developer/Xcode/DerivedData/PiTrainer-ecifwwubwvnofgbcfujopwcftnfe/Build/Intermediates.noindex/PiTrainer.build/Debug-iphonesimulator/PiTrainerUITests.build/empty-PiTrainerUITests.plist -producttype com.apple.product-type.bundle.ui-testing -expandbuildsettings -format binary -platform iphonesimulator -additionalcontentfile /Users/alexandre/Library/Developer/Xcode/DerivedData/PiTrainer-ecifwwubwvnofgbcfujopwcftnfe/Build/Intermediates.noindex/PiTrainer.build/Debug-iphonesimulator/PiTrainerUITests.build/ProductTypeInfoPlistAdditions.plist -o /Users/alexandre/Library/Developer/Xcode/DerivedData/PiTrainer-ecifwwubwvnofgbcfujopwcftnfe/Build/Products/Debug-iphonesimulator/PiTrainerUITests-Runner.app/PlugIns/PiTrainerUITests.xctest/Info.plist

ExtractAppIntentsMetadata (in target 'PiTrainerUITests' from project 'PiTrainer')
    cd /Users/alexandre/Dev/antigravity/pi-trainer/PiTrainer
    /Applications/Xcode.app/Contents/Developer/Toolchains/XcodeDefault.xctoolchain/usr/bin/appintentsmetadataprocessor --toolchain-dir /Applications/Xcode.app/Contents/Developer/Toolchains/XcodeDefault.xctoolchain --module-name PiTrainerUITests --sdk-root /Applications/Xcode.app/Contents/Developer/Platforms/iPhoneSimulator.platform/Developer/SDKs/iPhoneSimulator26.2.sdk --xcode-version 17C52 --platform-family iOS --deployment-target 18.0 --bundle-identifier com.alexsahut.PiTrainerUITests --output /Users/alexandre/Library/Developer/Xcode/DerivedData/PiTrainer-ecifwwubwvnofgbcfujopwcftnfe/Build/Products/Debug-iphonesimulator/PiTrainerUITests-Runner.app/PlugIns/PiTrainerUITests.xctest --target-triple arm64-apple-ios18.0-simulator --binary-file /Users/alexandre/Library/Developer/Xcode/DerivedData/PiTrainer-ecifwwubwvnofgbcfujopwcftnfe/Build/Products/Debug-iphonesimulator/PiTrainerUITests-Runner.app/PlugIns/PiTrainerUITests.xctest/PiTrainerUITests --dependency-file /Users/alexandre/Library/Developer/Xcode/DerivedData/PiTrainer-ecifwwubwvnofgbcfujopwcftnfe/Build/Intermediates.noindex/PiTrainer.build/Debug-iphonesimulator/PiTrainerUITests.build/Objects-normal/arm64/PiTrainerUITests_dependency_info.dat --stringsdata-file /Users/alexandre/Library/Developer/Xcode/DerivedData/PiTrainer-ecifwwubwvnofgbcfujopwcftnfe/Build/Intermediates.noindex/PiTrainer.build/Debug-iphonesimulator/PiTrainerUITests.build/Objects-normal/arm64/ExtractedAppShortcutsMetadata.stringsdata --source-file-list /Users/alexandre/Library/Developer/Xcode/DerivedData/PiTrainer-ecifwwubwvnofgbcfujopwcftnfe/Build/Intermediates.noindex/PiTrainer.build/Debug-iphonesimulator/PiTrainerUITests.build/Objects-normal/arm64/PiTrainerUITests.SwiftFileList --metadata-file-list /Users/alexandre/Library/Developer/Xcode/DerivedData/PiTrainer-ecifwwubwvnofgbcfujopwcftnfe/Build/Intermediates.noindex/PiTrainer.build/Debug-iphonesimulator/PiTrainerUITests.build/PiTrainerUITests.DependencyMetadataFileList --static-metadata-file-list /Users/alexandre/Library/Developer/Xcode/DerivedData/PiTrainer-ecifwwubwvnofgbcfujopwcftnfe/Build/Intermediates.noindex/PiTrainer.build/Debug-iphonesimulator/PiTrainerUITests.build/PiTrainerUITests.DependencyStaticMetadataFileList --swift-const-vals-list /Users/alexandre/Library/Developer/Xcode/DerivedData/PiTrainer-ecifwwubwvnofgbcfujopwcftnfe/Build/Intermediates.noindex/PiTrainer.build/Debug-iphonesimulator/PiTrainerUITests.build/Objects-normal/arm64/PiTrainerUITests.SwiftConstValuesFileList --compile-time-extraction --deployment-aware-processing --validate-assistant-intents --no-app-shortcuts-localization
2026-01-24 15:14:30.366 appintentsmetadataprocessor[67031:1598699] Starting appintentsmetadataprocessor export
2026-01-24 15:14:30.369 appintentsmetadataprocessor[67031:1598699] warning: Metadata extraction skipped. No AppIntents.framework dependency found.

CopySwiftLibs /Users/alexandre/Library/Developer/Xcode/DerivedData/PiTrainer-ecifwwubwvnofgbcfujopwcftnfe/Build/Products/Debug-iphonesimulator/PiTrainerUITests-Runner.app/PlugIns/PiTrainerUITests.xctest (in target 'PiTrainerUITests' from project 'PiTrainer')
    cd /Users/alexandre/Dev/antigravity/pi-trainer/PiTrainer
    builtin-swiftStdLibTool --copy --verbose --sign - --scan-executable /Users/alexandre/Library/Developer/Xcode/DerivedData/PiTrainer-ecifwwubwvnofgbcfujopwcftnfe/Build/Products/Debug-iphonesimulator/PiTrainerUITests-Runner.app/PlugIns/PiTrainerUITests.xctest/PiTrainerUITests --scan-folder /Users/alexandre/Library/Developer/Xcode/DerivedData/PiTrainer-ecifwwubwvnofgbcfujopwcftnfe/Build/Products/Debug-iphonesimulator/PiTrainerUITests-Runner.app/PlugIns/PiTrainerUITests.xctest/Frameworks --scan-folder /Users/alexandre/Library/Developer/Xcode/DerivedData/PiTrainer-ecifwwubwvnofgbcfujopwcftnfe/Build/Products/Debug-iphonesimulator/PiTrainerUITests-Runner.app/PlugIns/PiTrainerUITests.xctest/PlugIns --scan-folder /Users/alexandre/Library/Developer/Xcode/DerivedData/PiTrainer-ecifwwubwvnofgbcfujopwcftnfe/Build/Products/Debug-iphonesimulator/PiTrainerUITests-Runner.app/PlugIns/PiTrainerUITests.xctest/SystemExtensions --scan-folder /Users/alexandre/Library/Developer/Xcode/DerivedData/PiTrainer-ecifwwubwvnofgbcfujopwcftnfe/Build/Products/Debug-iphonesimulator/PiTrainerUITests-Runner.app/PlugIns/PiTrainerUITests.xctest/Extensions --platform iphonesimulator --toolchain /Applications/Xcode.app/Contents/Developer/Toolchains/XcodeDefault.xctoolchain --destination /Users/alexandre/Library/Developer/Xcode/DerivedData/PiTrainer-ecifwwubwvnofgbcfujopwcftnfe/Build/Products/Debug-iphonesimulator/PiTrainerUITests-Runner.app/PlugIns/PiTrainerUITests.xctest/Frameworks --strip-bitcode --scan-executable /Applications/Xcode.app/Contents/Developer/Platforms/iPhoneSimulator.platform/Developer/usr/lib/libXCTestSwiftSupport.dylib --strip-bitcode-tool /Applications/Xcode.app/Contents/Developer/Toolchains/XcodeDefault.xctoolchain/usr/bin/bitcode_strip --emit-dependency-info /Users/alexandre/Library/Developer/Xcode/DerivedData/PiTrainer-ecifwwubwvnofgbcfujopwcftnfe/Build/Intermediates.noindex/PiTrainer.build/Debug-iphonesimulator/PiTrainerUITests.build/SwiftStdLibToolInputDependencies.dep --filter-for-swift-os

CodeSign /Users/alexandre/Library/Developer/Xcode/DerivedData/PiTrainer-ecifwwubwvnofgbcfujopwcftnfe/Build/Products/Debug-iphonesimulator/PiTrainerUITests-Runner.app/PlugIns/PiTrainerUITests.xctest (in target 'PiTrainerUITests' from project 'PiTrainer')
    cd /Users/alexandre/Dev/antigravity/pi-trainer/PiTrainer
    
    Signing Identity:     "Sign to Run Locally"
    
    /usr/bin/codesign --force --sign - --timestamp\=none --generate-entitlement-der /Users/alexandre/Library/Developer/Xcode/DerivedData/PiTrainer-ecifwwubwvnofgbcfujopwcftnfe/Build/Products/Debug-iphonesimulator/PiTrainerUITests-Runner.app/PlugIns/PiTrainerUITests.xctest

2026-01-24 15:15:32.917 xcodebuild[66974:1612206]  iOSSimulator: A8BA3B87-FE68-4A50-96B4-414EFA33D7F1: Failed to launch app with identifier: com.alexsahut.PiTrainer and options: {
    "activate_suspended" = 0;
    arguments =     (
    );
    environment =     {
        "APP_DISTRIBUTOR_ID_OVERRIDE" = "com.apple.AppStore";
        "CA_ASSERT_MAIN_THREAD_TRANSACTIONS" = 0;
        "CA_DEBUG_TRANSACTIONS" = 0;
        "DYLD_FRAMEWORK_PATH" = "/Users/alexandre/Library/Developer/Xcode/DerivedData/PiTrainer-ecifwwubwvnofgbcfujopwcftnfe/Build/Products/Debug-iphonesimulator:/Applications/Xcode.app/Contents/Developer/Platforms/iPhoneSimulator.platform/Developer/Library/Frameworks";
        "DYLD_INSERT_LIBRARIES" = "/usr/lib/libRPAC.dylib:/Users/alexandre/Library/Developer/Xcode/DerivedData/PiTrainer-ecifwwubwvnofgbcfujopwcftnfe/Build/Products/Debug-iphonesimulator/PiTrainer.app/Frameworks/libXCTestBundleInject.dylib:/Library/Developer/CoreSimulator/Volumes/iOS_23C54/Library/Developer/CoreSimulator/Profiles/Runtimes/iOS 26.2.simruntime/Contents/Resources/RuntimeRoot/usr/lib/libMainThreadChecker.dylib:/usr/lib/libRPAC.dylib";
        "DYLD_LIBRARY_PATH" = "/Users/alexandre/Library/Developer/Xcode/DerivedData/PiTrainer-ecifwwubwvnofgbcfujopwcftnfe/Build/Products/Debug-iphonesimulator:/Applications/Xcode.app/Contents/Developer/Platforms/iPhoneSimulator.platform/Developer/usr/lib";
        "LLVM_PROFILE_FILE" = "/var/folders/t1/pp2bm9nn5ssd2wdfvv4gt45h0000gp/T/com.alexsahut.PiTrainer/11BE2EEC-1999-47AC-BBE8-E32E3179558A-66974-0000016FB902CB25/C8E0578B-1ED7-4602-9549-3AF095441116-%p%c.profraw";
        NSApplicationQuitWithoutSuddenTermination = YES;
        NSUnbufferedIO = YES;
        "OS_ACTIVITY_DT_MODE" = YES;
        "PERFC_ENABLE_EXTENDED_DIAGNOSTIC_FORMAT" = 1;
        "PERFC_ENABLE_PROFILE_MODE" = 1;
        "PERFC_RESET_INSERT_LIBRARIES" = 1;
        "PERFC_SUPPRESS_SYSTEM_REPORTS" = 1;
        "RUN_DESTINATION_DEVICE_NAME" = "Clone 2 of iPhone 17";
        "RUN_DESTINATION_DEVICE_PLATFORM_IDENTIFIER" = "com.apple.platform.iphonesimulator";
        "RUN_DESTINATION_DEVICE_UDID" = "A8BA3B87-FE68-4A50-96B4-414EFA33D7F1";
        "SQLITE_ENABLE_THREAD_ASSERTIONS" = 1;
        TERM = dumb;
        XCInjectBundleInto = unused;
        "XCODE_SCHEME_NAME" = PiTrainer;
        "XCODE_TEST_PLAN_NAME" = PiTrainer;
        XCTestBundleInjectPath = "/usr/lib/libRPAC.dylib:/Users/alexandre/Library/Developer/Xcode/DerivedData/PiTrainer-ecifwwubwvnofgbcfujopwcftnfe/Build/Products/Debug-iphonesimulator/PiTrainer.app/Frameworks/libXCTestBundleInject.dylib:/Library/Developer/CoreSimulator/Volumes/iOS_23C54/Library/Developer/CoreSimulator/Profiles/Runtimes/iOS 26.2.simruntime/Contents/Resources/RuntimeRoot/usr/lib/libMainThreadChecker.dylib:/usr/lib/libRPAC.dylib";
        XCTestBundlePath = "PlugIns/PiTrainerTests.xctest";
        XCTestConfigurationFilePath = "";
        XCTestSessionIdentifier = "F3D10BBF-CE01-4B8F-8DB1-ACC8FF17E17D";
        "__XCODE_BUILT_PRODUCTS_DIR_PATHS" = "/Users/alexandre/Library/Developer/Xcode/DerivedData/PiTrainer-ecifwwubwvnofgbcfujopwcftnfe/Build/Products/Debug-iphonesimulator";
        "__XPC_DYLD_FRAMEWORK_PATH" = "/Users/alexandre/Library/Developer/Xcode/DerivedData/PiTrainer-ecifwwubwvnofgbcfujopwcftnfe/Build/Products/Debug-iphonesimulator";
        "__XPC_DYLD_LIBRARY_PATH" = "/Users/alexandre/Library/Developer/Xcode/DerivedData/PiTrainer-ecifwwubwvnofgbcfujopwcftnfe/Build/Products/Debug-iphonesimulator";
        "__XPC_LLVM_PROFILE_FILE" = "/var/folders/t1/pp2bm9nn5ssd2wdfvv4gt45h0000gp/T/com.alexsahut.PiTrainer/11BE2EEC-1999-47AC-BBE8-E32E3179558A-66974-0000016FB902CB25/C8E0578B-1ED7-4602-9549-3AF095441116-%p%c.profraw";
    };
    stderr = "/dev/ttys007";
    stdout = "/dev/ttys007";
    "terminate_running_process" = 1;
    "wait_for_debugger" = 1;
} (error = Error Domain=FBSOpenApplicationServiceErrorDomain Code=1 "Simulator device failed to launch com.alexsahut.PiTrainer." UserInfo={NSLocalizedDescription=Simulator device failed to launch com.alexsahut.PiTrainer., NSUnderlyingError=0x954638900 {Error Domain=FBSOpenApplicationServiceErrorDomain Code=1 "The request to open "com.alexsahut.PiTrainer" failed." UserInfo={BSErrorCodeDescription=RequestDenied, NSLocalizedDescription=The request to open "com.alexsahut.PiTrainer" failed., NSUnderlyingError=0x954638990 {Error Domain=FBProcessExit Code=64 "The process failed to launch." UserInfo={NSUnderlyingError=0x954638960 {Error Domain=RBSRequestErrorDomain Code=5 "Launch failed." UserInfo=0x95857eb00 (not displayed)}, BSErrorCodeDescription=launch-failed, NSLocalizedFailureReason=The process failed to launch.}}, FBSOpenApplicationRequestID=0x273b, NSLocalizedFailureReason=The request was denied by service delegate (SBMainWorkspace).}}, NSLocalizedFailureReason=The request was denied by service delegate (SBMainWorkspace)., FBSOpenApplicationRequestID=0x273b, SimCallingSelector=launchApplicationWithID:options:pid:error:, BSErrorCodeDescription=RequestDenied})
2026-01-24 15:15:46.429 xcodebuild[66974:1598180] [MT] IDETestOperationsObserverDebug: 76.014 elapsed -- Testing started completed.
2026-01-24 15:15:46.429 xcodebuild[66974:1598180] [MT] IDETestOperationsObserverDebug: 0.000 sec, +0.000 sec -- start
2026-01-24 15:15:46.429 xcodebuild[66974:1598180] [MT] IDETestOperationsObserverDebug: 76.014 sec, +76.014 sec -- end

Test session results, code coverage, and logs:
	/Users/alexandre/Library/Developer/Xcode/DerivedData/PiTrainer-ecifwwubwvnofgbcfujopwcftnfe/Logs/Test/Test-PiTrainer-2026.01.24_15-14-26-+0100.xcresult

** TEST FAILED **

Testing started
Test suite 'ChallengeServiceTests' started on 'Clone 1 of iPhone 17 - PiTrainer (67413)'
Test case 'ChallengeServiceTests.testGenerateDailyChallenge_Deterministic()' failed on 'Clone 1 of iPhone 17 - PiTrainer (67413)' (0.000 seconds)
